// Jest Snapshot v1, https://goo.gl/fbAQLP

exports[`GeoCoord ok 1`] = `
Object {
  "latitude": 34,
  "longitude": 238,
}
`;
